// Jest Snapshot v1, https://goo.gl/fbAQLP

exports[`test 1`] = `
<View>
  <Text
    accessible={true}
    allowFontScaling={true}
    ellipsizeMode="tail"
  >
    Quest
  </Text>
</View>
`;
